[[1;34mINFO[m] Scanning for projects...
[[1;34mINFO[m] 
[[1;34mINFO[m] [1m--------------------------< [0;36mcom.example:demo[0;1m >--------------------------[m
[[1;34mINFO[m] [1mBuilding demo 0.0.1-SNAPSHOT[m
[[1;34mINFO[m] [1m--------------------------------[ jar ]---------------------------------[m
[[1;34mINFO[m] 
[[1;34mINFO[m] [1m>>> [0;32mspring-boot-maven-plugin:3.2.4:run[m [1m(default-cli)[0;1m > [0;1mtest-compile[m @ [36mdemo[0;1m >>>[m
[[1;34mINFO[m] 
[[1;34mINFO[m] [1m--- [0;32mmaven-resources-plugin:3.3.1:resources[m [1m(default-resources)[m @ [36mdemo[0;1m ---[m
[[1;34mINFO[m] Copying 1 resource from src/main/resources to target/classes
[[1;34mINFO[m] Copying 0 resource from src/main/resources to target/classes
[[1;34mINFO[m] 
[[1;34mINFO[m] [1m--- [0;32mmaven-compiler-plugin:3.11.0:compile[m [1m(default-compile)[m @ [36mdemo[0;1m ---[m
[[1;34mINFO[m] Nothing to compile - all classes are up to date
[[1;34mINFO[m] 
[[1;34mINFO[m] [1m--- [0;32mmaven-resources-plugin:3.3.1:testResources[m [1m(default-testResources)[m @ [36mdemo[0;1m ---[m
[[1;34mINFO[m] skip non existing resourceDirectory /home/kizzu/Kuliah/pbo/SiKePang/src/test/resources
[[1;34mINFO[m] 
[[1;34mINFO[m] [1m--- [0;32mmaven-compiler-plugin:3.11.0:testCompile[m [1m(default-testCompile)[m @ [36mdemo[0;1m ---[m
[[1;34mINFO[m] Changes detected - recompiling the module! :source
[[1;34mINFO[m] Compiling 1 source file with javac [debug release 21] to target/test-classes
[[1;34mINFO[m] Annotation processing is enabled because one or more processors were found
  on the class path. A future release of javac may disable annotation processing
  unless at least one processor is specified by name (-processor), or a search
  path is specified (--processor-path, --processor-module-path), or annotation
  processing is enabled explicitly (-proc:only, -proc:full).
  Use -Xlint:-options to suppress this message.
  Use -proc:none to disable annotation processing.
[[1;34mINFO[m] 
[[1;34mINFO[m] [1m<<< [0;32mspring-boot-maven-plugin:3.2.4:run[m [1m(default-cli)[0;1m < [0;1mtest-compile[m @ [36mdemo[0;1m <<<[m
[[1;34mINFO[m] 
[[1;34mINFO[m] 
[[1;34mINFO[m] [1m--- [0;32mspring-boot-maven-plugin:3.2.4:run[m [1m(default-cli)[m @ [36mdemo[0;1m ---[m
[[1;34mINFO[m] Attaching agents: []

  .   ____          _            __ _ _
 /\\ / ___'_ __ _ _(_)_ __  __ _ \ \ \ \
( ( )\___ | '_ | '_| | '_ \/ _` | \ \ \ \
 \\/  ___)| |_)| | | | | || (_| |  ) ) ) )
  '  |____| .__|_| |_|_| |_\__, | / / / /
 =========|_|==============|___/=/_/_/_/
 :: Spring Boot ::                (v3.2.4)

2026-05-18T23:39:53.248+07:00  INFO 73292 --- [SiKePang] [  restartedMain] c.example.SiKePang.SiKePangApplication   : Starting SiKePangApplication using Java 21.0.10 with PID 73292 (/home/kizzu/Kuliah/pbo/SiKePang/target/classes started by kizzu in /home/kizzu/Kuliah/pbo/SiKePang)
2026-05-18T23:39:53.249+07:00  INFO 73292 --- [SiKePang] [  restartedMain] c.example.SiKePang.SiKePangApplication   : No active profile set, falling back to 1 default profile: "default"
2026-05-18T23:39:53.296+07:00  INFO 73292 --- [SiKePang] [  restartedMain] .e.DevToolsPropertyDefaultsPostProcessor : Devtools property defaults active! Set 'spring.devtools.add-properties' to 'false' to disable
2026-05-18T23:39:53.297+07:00  INFO 73292 --- [SiKePang] [  restartedMain] .e.DevToolsPropertyDefaultsPostProcessor : For additional web related logging consider setting the 'logging.level.web' property to 'DEBUG'
2026-05-18T23:39:54.123+07:00  INFO 73292 --- [SiKePang] [  restartedMain] .s.d.r.c.RepositoryConfigurationDelegate : Bootstrapping Spring Data JPA repositories in DEFAULT mode.
2026-05-18T23:39:54.186+07:00  INFO 73292 --- [SiKePang] [  restartedMain] .s.d.r.c.RepositoryConfigurationDelegate : Finished Spring Data repository scanning in 56 ms. Found 9 JPA repository interfaces.
2026-05-18T23:39:54.812+07:00  INFO 73292 --- [SiKePang] [  restartedMain] o.s.b.w.embedded.tomcat.TomcatWebServer  : Tomcat initialized with port 8081 (http)
2026-05-18T23:39:54.824+07:00  INFO 73292 --- [SiKePang] [  restartedMain] o.apache.catalina.core.StandardService   : Starting service [Tomcat]
2026-05-18T23:39:54.824+07:00  INFO 73292 --- [SiKePang] [  restartedMain] o.apache.catalina.core.StandardEngine    : Starting Servlet engine: [Apache Tomcat/10.1.19]
2026-05-18T23:39:54.854+07:00  INFO 73292 --- [SiKePang] [  restartedMain] o.a.c.c.C.[Tomcat].[localhost].[/]       : Initializing Spring embedded WebApplicationContext
2026-05-18T23:39:54.855+07:00  INFO 73292 --- [SiKePang] [  restartedMain] w.s.c.ServletWebServerApplicationContext : Root WebApplicationContext: initialization completed in 1557 ms
2026-05-18T23:39:55.122+07:00  INFO 73292 --- [SiKePang] [  restartedMain] o.hibernate.jpa.internal.util.LogHelper  : HHH000204: Processing PersistenceUnitInfo [name: default]
2026-05-18T23:39:55.178+07:00  INFO 73292 --- [SiKePang] [  restartedMain] org.hibernate.Version                    : HHH000412: Hibernate ORM core version 6.4.4.Final
2026-05-18T23:39:55.216+07:00  INFO 73292 --- [SiKePang] [  restartedMain] o.h.c.internal.RegionFactoryInitiator    : HHH000026: Second-level cache disabled
2026-05-18T23:39:55.394+07:00  INFO 73292 --- [SiKePang] [  restartedMain] o.s.o.j.p.SpringPersistenceUnitInfo      : No LoadTimeWeaver setup: ignoring JPA class transformer
2026-05-18T23:39:55.413+07:00  INFO 73292 --- [SiKePang] [  restartedMain] com.zaxxer.hikari.HikariDataSource       : HikariPool-1 - Starting...
2026-05-18T23:39:55.546+07:00  INFO 73292 --- [SiKePang] [  restartedMain] com.zaxxer.hikari.pool.HikariPool        : HikariPool-1 - Added connection com.mysql.cj.jdbc.ConnectionImpl@4c565e80
2026-05-18T23:39:55.548+07:00  INFO 73292 --- [SiKePang] [  restartedMain] com.zaxxer.hikari.HikariDataSource       : HikariPool-1 - Start completed.
2026-05-18T23:39:56.365+07:00  INFO 73292 --- [SiKePang] [  restartedMain] o.h.e.t.j.p.i.JtaPlatformInitiator       : HHH000489: No JTA platform available (set 'hibernate.transaction.jta.platform' to enable JTA platform integration)
2026-05-18T23:39:56.473+07:00  INFO 73292 --- [SiKePang] [  restartedMain] j.LocalContainerEntityManagerFactoryBean : Initialized JPA EntityManagerFactory for persistence unit 'default'
2026-05-18T23:39:56.905+07:00  INFO 73292 --- [SiKePang] [  restartedMain] o.s.d.j.r.query.QueryEnhancerFactory     : Hibernate is in classpath; If applicable, HQL parser will be used.
2026-05-18T23:39:57.273+07:00  WARN 73292 --- [SiKePang] [  restartedMain] JpaBaseConfiguration$JpaWebConfiguration : spring.jpa.open-in-view is enabled by default. Therefore, database queries may be performed during view rendering. Explicitly configure spring.jpa.open-in-view to disable this warning
2026-05-18T23:39:57.576+07:00  WARN 73292 --- [SiKePang] [  restartedMain] ion$DefaultTemplateResolverConfiguration : Cannot find template location: classpath:/templates/ (please add some templates, check your Thymeleaf configuration, or set spring.thymeleaf.check-template-location=false)
2026-05-18T23:39:57.862+07:00  INFO 73292 --- [SiKePang] [  restartedMain] o.s.b.d.a.OptionalLiveReloadServer       : LiveReload server is running on port 35729
2026-05-18T23:39:57.873+07:00  INFO 73292 --- [SiKePang] [  restartedMain] o.s.b.a.e.web.EndpointLinksResolver      : Exposing 1 endpoint(s) beneath base path '/actuator'
2026-05-18T23:39:57.946+07:00  INFO 73292 --- [SiKePang] [  restartedMain] o.s.b.w.embedded.tomcat.TomcatWebServer  : Tomcat started on port 8081 (http) with context path ''
2026-05-18T23:39:57.957+07:00  INFO 73292 --- [SiKePang] [  restartedMain] c.example.SiKePang.SiKePangApplication   : Started SiKePangApplication in 5.026 seconds (process running for 5.357)
Hibernate: 
    select
        count(*) 
    from
        admin a1_0
Hibernate: 
    select
        count(*) 
    from
        petani p1_0
Hibernate: 
    select
        count(*) 
    from
        komoditas k1_0
2026-05-18T23:41:02.361+07:00  INFO 73292 --- [SiKePang] [0.1-8081-exec-1] o.a.c.c.C.[Tomcat].[localhost].[/]       : Initializing Spring DispatcherServlet 'dispatcherServlet'
2026-05-18T23:41:02.362+07:00  INFO 73292 --- [SiKePang] [0.1-8081-exec-1] o.s.web.servlet.DispatcherServlet        : Initializing Servlet 'dispatcherServlet'
2026-05-18T23:41:02.363+07:00  INFO 73292 --- [SiKePang] [0.1-8081-exec-1] o.s.web.servlet.DispatcherServlet        : Completed initialization in 1 ms
Hibernate: 
    select
        bp1_0.id,
        case 
            when bp1_1.id is not null 
                then 1 
            when bp1_2.id is not null 
                then 2 
            when bp1_3.id is not null 
                then 3 
            end,
            bp1_0.created_at,
            bp1_0.email,
            bp1_0.nama,
            bp1_0.password,
            bp1_2.alamat,
            bp1_2.kelompok_tani,
            bp1_2.nomor_telepon 
        from
            pengguna bp1_0 
        left join
            admin bp1_1 
                on bp1_0.id=bp1_1.id 
        left join
            petani bp1_2 
                on bp1_0.id=bp1_2.id 
        left join
            petugas bp1_3 
                on bp1_0.id=bp1_3.id 
        where
            bp1_0.email=?
Hibernate: 
    select
        count(*) 
    from
        petani p1_0
Hibernate: 
    select
        k1_0.id,
        k1_0.harga,
        k1_0.kategori,
        k1_0.nama,
        k1_0.satuan 
    from
        komoditas k1_0
Hibernate: 
    select
        sp1_0.id,
        sp1_0.jenis_transaksi,
        sp1_0.jumlah,
        sp1_0.komoditas_id,
        sp1_0.petani_id,
        sp1_0.tanggal 
    from
        stok_pangan sp1_0
Hibernate: 
    select
        sp1_0.id,
        sp1_0.jenis_transaksi,
        sp1_0.jumlah,
        sp1_0.komoditas_id,
        sp1_0.petani_id,
        sp1_0.tanggal 
    from
        stok_pangan sp1_0
Hibernate: 
    select
        d1_0.id,
        d1_0.petani_id,
        d1_0.status,
        d1_0.tanggal_distribusi,
        d1_0.tujuan 
    from
        distribusi d1_0
Hibernate: 
    select
        d1_0.id,
        d1_0.petani_id,
        d1_0.status,
        d1_0.tanggal_distribusi,
        d1_0.tujuan 
    from
        distribusi d1_0
Hibernate: 
    select
        count(*) 
    from
        komoditas k1_0
Hibernate: 
    select
        sp1_0.id,
        sp1_0.jenis_transaksi,
        sp1_0.jumlah,
        sp1_0.komoditas_id,
        sp1_0.petani_id,
        sp1_0.tanggal 
    from
        stok_pangan sp1_0
Hibernate: 
    select
        d1_0.id,
        d1_0.petani_id,
        d1_0.status,
        d1_0.tanggal_distribusi,
        d1_0.tujuan 
    from
        distribusi d1_0
Hibernate: 
    select
        p1_0.id,
        p1_1.created_at,
        p1_1.email,
        p1_1.nama,
        p1_1.password,
        p1_0.alamat,
        p1_0.kelompok_tani,
        p1_0.nomor_telepon 
    from
        petani p1_0 
    join
        pengguna p1_1 
            on p1_0.id=p1_1.id 
    where
        p1_0.id=?
Hibernate: 
    select
        p1_0.id,
        p1_1.created_at,
        p1_1.email,
        p1_1.nama,
        p1_1.password,
        p1_0.alamat,
        p1_0.kelompok_tani,
        p1_0.nomor_telepon 
    from
        petani p1_0 
    join
        pengguna p1_1 
            on p1_0.id=p1_1.id 
    where
        p1_0.id=?
Hibernate: 
    select
        k1_0.id,
        k1_0.harga,
        k1_0.kategori,
        k1_0.nama,
        k1_0.satuan 
    from
        komoditas k1_0 
    where
        k1_0.id=?
Hibernate: 
    select
        k1_0.id,
        k1_0.harga,
        k1_0.kategori,
        k1_0.nama,
        k1_0.satuan 
    from
        komoditas k1_0 
    where
        k1_0.id=?
Hibernate: 
    select
        k1_0.id,
        k1_0.harga,
        k1_0.kategori,
        k1_0.nama,
        k1_0.satuan 
    from
        komoditas k1_0 
    where
        k1_0.id=?
Hibernate: 
    select
        k1_0.id,
        k1_0.harga,
        k1_0.kategori,
        k1_0.nama,
        k1_0.satuan 
    from
        komoditas k1_0
Hibernate: 
    select
        count(*) 
    from
        petani p1_0
Hibernate: 
    select
        dd1_0.distribusi_id,
        dd1_0.id,
        dd1_0.jumlah,
        dd1_0.komoditas_id 
    from
        distribusi_komoditas dd1_0 
    where
        dd1_0.distribusi_id=?
Hibernate: 
    select
        count(*) 
    from
        komoditas k1_0
Hibernate: 
    select
        k1_0.id,
        k1_0.harga,
        k1_0.kategori,
        k1_0.nama,
        k1_0.satuan 
    from
        komoditas k1_0 
    where
        k1_0.id=?
Hibernate: 
    select
        p1_0.id,
        p1_1.created_at,
        p1_1.email,
        p1_1.nama,
        p1_1.password,
        p1_0.alamat,
        p1_0.kelompok_tani,
        p1_0.nomor_telepon 
    from
        petani p1_0 
    join
        pengguna p1_1 
            on p1_0.id=p1_1.id 
    where
        p1_0.id=?
Hibernate: 
    select
        sp1_0.id,
        sp1_0.jenis_transaksi,
        sp1_0.jumlah,
        sp1_0.komoditas_id,
        sp1_0.petani_id,
        sp1_0.tanggal 
    from
        stok_pangan sp1_0
Hibernate: 
    select
        dd1_0.distribusi_id,
        dd1_0.id,
        dd1_0.jumlah,
        dd1_0.komoditas_id 
    from
        distribusi_komoditas dd1_0 
    where
        dd1_0.distribusi_id=?
Hibernate: 
    select
        k1_0.id,
        k1_0.harga,
        k1_0.kategori,
        k1_0.nama,
        k1_0.satuan 
    from
        komoditas k1_0 
    where
        k1_0.id=?
Hibernate: 
    select
        sp1_0.id,
        sp1_0.jenis_transaksi,
        sp1_0.jumlah,
        sp1_0.komoditas_id,
        sp1_0.petani_id,
        sp1_0.tanggal 
    from
        stok_pangan sp1_0
Hibernate: 
    select
        sp1_0.id,
        sp1_0.jenis_transaksi,
        sp1_0.jumlah,
        sp1_0.komoditas_id,
        sp1_0.petani_id,
        sp1_0.tanggal 
    from
        stok_pangan sp1_0
Hibernate: 
    select
        d1_0.id,
        d1_0.petani_id,
        d1_0.status,
        d1_0.tanggal_distribusi,
        d1_0.tujuan 
    from
        distribusi d1_0
Hibernate: 
    select
        p1_0.id,
        p1_1.created_at,
        p1_1.email,
        p1_1.nama,
        p1_1.password,
        p1_0.alamat,
        p1_0.kelompok_tani,
        p1_0.nomor_telepon 
    from
        petani p1_0 
    join
        pengguna p1_1 
            on p1_0.id=p1_1.id 
    where
        p1_0.id=?
Hibernate: 
    select
        k1_0.id,
        k1_0.harga,
        k1_0.kategori,
        k1_0.nama,
        k1_0.satuan 
    from
        komoditas k1_0 
    where
        k1_0.id=?
Hibernate: 
    select
        d1_0.id,
        d1_0.petani_id,
        d1_0.status,
        d1_0.tanggal_distribusi,
        d1_0.tujuan 
    from
        distribusi d1_0
Hibernate: 
    select
        k1_0.id,
        k1_0.harga,
        k1_0.kategori,
        k1_0.nama,
        k1_0.satuan 
    from
        komoditas k1_0 
    where
        k1_0.id=?
Hibernate: 
    select
        k1_0.id,
        k1_0.harga,
        k1_0.kategori,
        k1_0.nama,
        k1_0.satuan 
    from
        komoditas k1_0 
    where
        k1_0.id=?
Hibernate: 
    select
        d1_0.id,
        d1_0.petani_id,
        d1_0.status,
        d1_0.tanggal_distribusi,
        d1_0.tujuan 
    from
        distribusi d1_0
Hibernate: 
    select
        p1_0.id,
        p1_1.created_at,
        p1_1.email,
        p1_1.nama,
        p1_1.password,
        p1_0.alamat,
        p1_0.kelompok_tani,
        p1_0.nomor_telepon 
    from
        petani p1_0 
    join
        pengguna p1_1 
            on p1_0.id=p1_1.id 
    where
        p1_0.id=?
Hibernate: 
    select
        dd1_0.distribusi_id,
        dd1_0.id,
        dd1_0.jumlah,
        dd1_0.komoditas_id 
    from
        distribusi_komoditas dd1_0 
    where
        dd1_0.distribusi_id=?
Hibernate: 
    select
        k1_0.id,
        k1_0.harga,
        k1_0.kategori,
        k1_0.nama,
        k1_0.satuan 
    from
        komoditas k1_0 
    where
        k1_0.id=?
Hibernate: 
    select
        p1_0.id,
        p1_1.created_at,
        p1_1.email,
        p1_1.nama,
        p1_1.password,
        p1_0.alamat,
        p1_0.kelompok_tani,
        p1_0.nomor_telepon 
    from
        petani p1_0 
    join
        pengguna p1_1 
            on p1_0.id=p1_1.id 
    where
        p1_0.id=?
Hibernate: 
    select
        dd1_0.distribusi_id,
        dd1_0.id,
        dd1_0.jumlah,
        dd1_0.komoditas_id 
    from
        distribusi_komoditas dd1_0 
    where
        dd1_0.distribusi_id=?
Hibernate: 
    select
        k1_0.id,
        k1_0.harga,
        k1_0.kategori,
        k1_0.nama,
        k1_0.satuan 
    from
        komoditas k1_0 
    where
        k1_0.id=?
Hibernate: 
    select
        bp1_0.id,
        case 
            when bp1_1.id is not null 
                then 1 
            when bp1_2.id is not null 
                then 2 
            when bp1_3.id is not null 
                then 3 
            end,
            bp1_0.created_at,
            bp1_0.email,
            bp1_0.nama,
            bp1_0.password,
            bp1_2.alamat,
            bp1_2.kelompok_tani,
            bp1_2.nomor_telepon 
        from
            pengguna bp1_0 
        left join
            admin bp1_1 
                on bp1_0.id=bp1_1.id 
        left join
            petani bp1_2 
                on bp1_0.id=bp1_2.id 
        left join
            petugas bp1_3 
                on bp1_0.id=bp1_3.id
Hibernate: 
    select
        bp1_0.id,
        case 
            when bp1_1.id is not null 
                then 1 
            when bp1_2.id is not null 
                then 2 
            when bp1_3.id is not null 
                then 3 
            end,
            bp1_0.created_at,
            bp1_0.email,
            bp1_0.nama,
            bp1_0.password,
            bp1_2.alamat,
            bp1_2.kelompok_tani,
            bp1_2.nomor_telepon 
        from
            pengguna bp1_0 
        left join
            admin bp1_1 
                on bp1_0.id=bp1_1.id 
        left join
            petani bp1_2 
                on bp1_0.id=bp1_2.id 
        left join
            petugas bp1_3 
                on bp1_0.id=bp1_3.id
